// Jest Snapshot v1, https://jestjs.io/docs/snapshot-testing

exports[`ColorsTab page matches snapshot 1`] = `
<div>
  <div
    class="ColorsTab"
  >
    <main
      class="Section Main"
    >
      <h2
        class="Title"
      >
        Customize your colors
      </h2>
      <p
        class="Message"
      >
        Customize your brand colors for buttons, filter pills and backgrounds. You can set them as default, experiment freely, and return to them anytime.
      </p>
      <div
        class="DefaultColorButtons"
      >
        <button
          data-testid="save-default-button"
        >
          <svg
            data-testid="svg-icon-mock"
          >
            mock-svg
          </svg>
           
          Set these colors as default
        </button>
        <button
          data-testid="restore-default-button"
          disabled=""
        >
          <svg
            data-testid="svg-icon-mock"
          >
            mock-svg
          </svg>
           
          Reset to default
        </button>
      </div>
      <div>
        ColorsSettings component
      </div>
    </main>
    <aside
      class="Section Aside"
    >
      <h2
        class="Title"
      >
        Live Preview
      </h2>
      <div>
        ColorsPreview component
      </div>
    </aside>
  </div>
</div>
`;
