// Jest Snapshot v1, https://jestjs.io/docs/snapshot-testing

exports[`FilteringSidebarContent renders two sections with child components 1`] = `
<div>
  <div
    class="FilteringSidebarContent"
  >
    <div
      class="Section"
      data-testid="sh-filtering-sidebar-section"
    >
      <p
        class="Title"
      >
        Data scope
      </p>
      <div
        data-testid="mock-filtering-sidebar-datascope"
      >
        Mock FilteringSidebarDataScope
      </div>
    </div>
    <div
      class="Section"
      data-testid="sh-filtering-sidebar-section"
    >
      <p
        class="Title"
      >
        Soil parameters
      </p>
      <div
        data-testid="mock-filtering-sidebar-parameters"
      >
        Mock FilteringSidebarParameters
      </div>
    </div>
  </div>
</div>
`;
