// Jest Snapshot v1, https://jestjs.io/docs/snapshot-testing

exports[`FilteringSidebarDataScope renders 3 accordion components 1`] = `
<div>
  <div
    class="FilteringSidebarDataScope"
  >
    <section
      data-testid="mock-accordion-Data type"
    >
      <h2>
        Data type
      </h2>
      <div
        data-testid="mock-accordion-pills-Data type"
      />
      <div
        data-testid="mock-accordion-content-Data type"
      >
        <div
          class="AccordionContent"
        >
          <div
            data-testid="mock-multiselect"
          >
            <button
              data-testid="mock-select-point"
              type="button"
            >
              Point
            </button>
            <button
              data-testid="mock-select-raster"
              type="button"
            >
              Raster
            </button>
            <button
              data-testid="mock-select-polygonal"
              type="button"
            >
              Polygonal
            </button>
          </div>
        </div>
      </div>
    </section>
    <section
      data-testid="mock-accordion-Time"
    >
      <h2>
        Time
      </h2>
      <div
        data-testid="mock-accordion-pills-Time"
      />
      <div
        data-testid="mock-accordion-content-Time"
      >
        <div
          data-testid="mock-timefilter"
        >
          <div
            data-testid="mock-timefilter-initial"
          >
            no-min
            -
            no-max
          </div>
          <button
            data-testid="mock-timefilter-apply"
            type="button"
          >
            apply-time
          </button>
        </div>
      </div>
    </section>
    <section
      data-testid="mock-accordion-Data access"
    >
      <h2>
        Data access
      </h2>
      <div
        data-testid="mock-accordion-pills-Data access"
      />
      <div
        data-testid="mock-accordion-content-Data access"
      >
        <div
          class="AccordionContent"
        >
          <div
            data-testid="mock-multiselect"
          >
            <button
              data-testid="mock-select-private"
              type="button"
            >
              Private
            </button>
            <button
              data-testid="mock-select-public"
              type="button"
            >
              Public
            </button>
          </div>
        </div>
      </div>
    </section>
  </div>
</div>
`;
