// Jest Snapshot v1, https://jestjs.io/docs/snapshot-testing

exports[`DatasetsPreviewStep matches snapshot 1`] = `
<div>
  <div
    class="DatasetsPreviewStep"
  >
    <div
      class="TextContent"
    >
      <div
        class="IngestionStepTitleRow"
      >
        <h2
          class="Title"
        >
          Preview
        </h2>
        <a
          class="DocumentationLink"
          data-testid="sh-documentaion-link"
          href="https://github.com/varda-ag/soilhive-core/blob/main/docs/user-guides/data-load.md#data-preview"
          rel="noreferrer"
          target="_blank"
        >
          <svg
            data-testid="svg-icon-mock"
          >
            mock-svg
          </svg>
           
          Open documentation
        </a>
      </div>
      <p
        class="Message"
      >
        This is the data you are going to load, make sure everything is correct, you can unselect the rows that are not consistent, they won't be loaded in the dataset.
      </p>
      <div
        class="FormMessage WarningMessage DeleteWarning Global"
        data-testid="sh-form-message"
      >
        <svg
          class="FormMessageIcon"
          data-testid="sh-form-message-icon-warning"
        >
          mock-svg
        </svg>
        <span
          class="FormMessageText"
        >
          If you delete a row, all the soil properties belonging to it will not be ingested including those not visible on screen.
        </span>
      </div>
    </div>
    <div
      class="TableFilters"
    >
      <div
        class="Left"
      >
        <label
          class="ToggleButton Medium"
        >
          <input
            class="ToggleCheckbox"
            type="checkbox"
          />
          <span
            class="ToggleSlider"
          />
        </label>
        Show original name
      </div>
      <div
        class="Right"
      >
        <select
          data-testid="file-dropdown"
        />
        <div
          data-disabled="false"
          data-testid="column-multiselect"
          data-value="["min_depth","max_depth","ph"]"
        >
          <button
            data-testid="col-option-min_depth"
          >
            Lower depth
          </button>
          <button
            data-testid="col-option-max_depth"
          >
            Upper depth
          </button>
          <button
            data-testid="col-option-ph"
          >
            ph
          </button>
        </div>
      </div>
    </div>
    <div
      data-testid="mock-table"
    >
      <div
        data-testid="table-columns"
      >
        <div
          data-testid="table-col-min_depth"
        >
          <p
            class="ColumnName"
          >
            Lower depth
          </p>
        </div>
        <div
          data-testid="table-col-max_depth"
        >
          <p
            class="ColumnName"
          >
            Upper depth
          </p>
        </div>
        <div
          data-testid="table-col-ph"
        >
          <p
            class="ColumnName"
          >
            ph
          </p>
        </div>
        <div
          data-testid="table-col-delete"
        >
          Delete
        </div>
      </div>
    </div>
  </div>
  <div
    class="Actions"
  >
    <button
      class="Button Secondary Small"
      data-testid="sh-preview-previous"
      type="button"
    >
      Previous
    </button>
    <div
      class="ActionsSpacer"
    />
    <button
      class="Button Secondary Small"
      data-testid="sh-preview-save-later"
      type="button"
    >
      Save and continue later
    </button>
    <button
      class="Button Primary Small"
      data-testid="sh-preview-continue"
      type="button"
    >
      Continue
    </button>
  </div>
</div>
`;
