// Jest Snapshot v1, https://jestjs.io/docs/snapshot-testing

exports[`DatasetsPreviewStep matches snapshot 1`] = `
<div>
  <div
    class="DatasetsPreviewStep"
  >
    <div
      class="TextContent"
    >
      <div
        class="IngestionStepTitleRow"
      >
        <div
          class="Left"
        >
          <h2
            class="Title"
          >
            Preview
          </h2>
        </div>
        <a
          class="DocumentationLink"
          data-testid="sh-documentaion-link"
          href="https://github.com/varda-ag/soilhive-core/blob/main/docs/user-guides/data-load.md#data-preview"
          rel="noreferrer"
          target="_blank"
        >
          <svg
            data-testid="svg-icon-mock"
          >
            mock-svg
          </svg>
           
          Open documentation
        </a>
      </div>
      <p
        class="Message"
      >
        This is the data you are going to load, make sure everything is correct, you can unselect the rows that are not consistent, they won't be loaded in the dataset.
      </p>
    </div>
    <div
      class="FileSelection"
    >
      <select
        data-testid="file-dropdown"
      />
      <div
        class="PreviewStepSummary"
      >
        <div
          class="PreviewStepSummaryCards"
        >
          <div
            class="InfoCard InfoCard"
          >
            <h3
              class="Title"
            >
              Modified values
            </h3>
            <div
              class="ContentWrapper"
            >
              <div
                class="Content"
              >
                <p
                  class="Value"
                  style="color: rgb(162, 209, 65);"
                >
                  19
                </p>
                <p
                  class="Description"
                >
                  Cleaned & standardised
                </p>
              </div>
            </div>
          </div>
          <div
            class="InfoCard InfoCard Multicolumn"
          >
            <h3
              class="Title"
            >
              Discarded rows
            </h3>
            <div
              class="ContentWrapper"
            >
              <div
                class="Content"
              >
                <p
                  class="Value"
                  style="color: rgb(130, 0, 5);"
                >
                  107
                </p>
                <p
                  class="Description"
                >
                  Failed validation
                </p>
              </div>
              <div
                class="Content Secondary"
              >
                <p
                  class="Value"
                  style="color: rgb(188, 0, 31);"
                >
                  0
                </p>
                <p
                  class="Description"
                >
                  User rejected
                </p>
              </div>
            </div>
          </div>
          <div
            class="InfoCard InfoCard"
          >
            <h3
              class="Title"
            >
              Discarded cells
            </h3>
            <div
              class="ContentWrapper"
            >
              <div
                class="Content"
              >
                <p
                  class="Value"
                  style="color: rgb(245, 178, 0);"
                >
                  34
                </p>
                <p
                  class="Description"
                >
                  Failed validation
                </p>
              </div>
            </div>
          </div>
        </div>
        <div
          class="PreviewStepSummaryAccordions"
        >
          <div
            class="Accordion Custom"
            data-testid="sh-ui-accordion"
          >
            <div
              class="Header AccordionHeader"
              role="button"
            >
              <p
                class="Title"
              >
                <div
                  class="AccordionTitle"
                >
                  <div
                    class="ColorMark"
                    style="background-color: rgb(162, 209, 65);"
                  />
                  Modified values
                </div>
                <div
                  class="Left"
                >
                  <div
                    class="AccordionHeaderTotal"
                  >
                    {{number}} total
                  </div>
                  <svg
                    class="ArrowIcon"
                    data-testid="svg-icon-mock"
                  >
                    mock-svg
                  </svg>
                </div>
              </p>
            </div>
            <div
              class="Content"
            >
              <div
                class="AccordionChildren"
              >
                <div
                  class="AccordionChildrenItem"
                >
                  <p>
                    Depth rounded to integer
                  </p>
                  <p>
                    7
                  </p>
                </div>
                <div
                  class="AccordionChildrenItem"
                >
                  <p>
                    Value rounded to 3 decimal places
                  </p>
                  <p>
                    5
                  </p>
                </div>
                <div
                  class="AccordionChildrenItem"
                >
                  <p>
                    Converted to standard unit of measurement
                  </p>
                  <p>
                    7
                  </p>
                </div>
                <div
                  class="AccordionChildrenItem AccordionChildrenTotal"
                >
                  <p>
                    Total
                  </p>
                  <p>
                    19
                  </p>
                </div>
              </div>
            </div>
          </div>
          <div
            class="Accordion Custom"
            data-testid="sh-ui-accordion"
          >
            <div
              class="Header AccordionHeader"
              role="button"
            >
              <p
                class="Title"
              >
                <div
                  class="AccordionTitle"
                >
                  <div
                    class="ColorMark"
                    style="background-color: rgb(130, 0, 5);"
                  />
                  Discarded rows
                </div>
                <div
                  class="Left"
                >
                  <div
                    class="AccordionHeaderTotal"
                  >
                    {{number}} total
                  </div>
                  <svg
                    class="ArrowIcon"
                    data-testid="svg-icon-mock"
                  >
                    mock-svg
                  </svg>
                </div>
              </p>
            </div>
            <div
              class="Content"
            >
              <div
                class="AccordionChildren"
              >
                <div
                  class="AccordionChildrenItem"
                >
                  <p>
                    Invalid coordinates (out of range)
                  </p>
                  <p>
                    7
                  </p>
                </div>
                <div
                  class="AccordionChildrenItem"
                >
                  <p>
                    Invalid depth interval (upper ≥ lower)
                  </p>
                  <p>
                    5
                  </p>
                </div>
                <div
                  class="AccordionChildrenItem"
                >
                  <p>
                    Minimum data requirement not met (missing geometry or invalid soil property value)
                  </p>
                  <p>
                    7
                  </p>
                </div>
                <div
                  class="AccordionChildrenItem"
                >
                  <p>
                    Duplicate row (same coordinates, date, depth, value across all properties)
                  </p>
                  <p>
                    7
                  </p>
                </div>
                <div
                  class="AccordionChildrenItem"
                >
                  <p>
                    User discarded row
                  </p>
                  <p>
                    0
                  </p>
                </div>
                <div
                  class="AccordionChildrenItem AccordionChildrenTotal"
                >
                  <p>
                    Total
                  </p>
                  <p>
                    26
                  </p>
                </div>
              </div>
            </div>
          </div>
          <div
            class="Accordion Custom Accordion"
            data-testid="sh-ui-accordion"
          >
            <div
              class="Header AccordionHeader"
              role="button"
            >
              <p
                class="Title"
              >
                <div
                  class="AccordionTitle"
                >
                  <div
                    class="ColorMark"
                    style="background-color: rgb(245, 178, 0);"
                  />
                  Discarded cells
                </div>
                <div
                  class="Left"
                >
                  <div
                    class="AccordionHeaderTotal"
                  >
                    {{number}} total
                  </div>
                  <svg
                    class="ArrowIcon"
                    data-testid="svg-icon-mock"
                  >
                    mock-svg
                  </svg>
                </div>
              </p>
            </div>
            <div
              class="Content"
            >
              <div
                class="AccordionChildren"
              >
                <div
                  class="AccordionChildrenItem"
                >
                  <p>
                    Invalid property value (non-numeric)
                  </p>
                  <p>
                    7
                  </p>
                </div>
                <div
                  class="AccordionChildrenItem"
                >
                  <p>
                    Negative value
                  </p>
                  <p>
                    5
                  </p>
                </div>
                <div
                  class="AccordionChildrenItem"
                >
                  <p>
                    Zero value (treated as null)
                  </p>
                  <p>
                    7
                  </p>
                </div>
                <div
                  class="AccordionChildrenItem"
                >
                  <p>
                    Duplicate value (same coordinates, date, depth, value)
                  </p>
                  <p>
                    7
                  </p>
                </div>
                <div
                  class="AccordionChildrenItem"
                >
                  <p>
                    Out-of-bounds value
                  </p>
                  <p>
                    7
                  </p>
                </div>
                <div
                  class="AccordionChildrenItem AccordionChildrenTotal"
                >
                  <p>
                    Total
                  </p>
                  <p>
                    19
                  </p>
                </div>
              </div>
            </div>
          </div>
        </div>
      </div>
    </div>
    <div
      class="TableFilters"
    >
      <div
        class="Left"
      >
        <label
          class="ToggleButton Medium"
        >
          <input
            class="ToggleCheckbox"
            type="checkbox"
          />
          <span
            class="ToggleSlider"
          />
        </label>
        Show original name
      </div>
      <div
        class="Right"
      >
        <div
          data-disabled="false"
          data-testid="column-multiselect"
          data-value="["min_depth","max_depth","ph"]"
        >
          <button
            data-testid="col-option-min_depth"
          >
            Lower depth
          </button>
          <button
            data-testid="col-option-max_depth"
          >
            Upper depth
          </button>
          <button
            data-testid="col-option-ph"
          >
            ph
          </button>
        </div>
      </div>
    </div>
    <div
      class="TableWrapper"
    >
      <div
        data-testid="mock-table"
      >
        <div
          data-testid="table-columns"
        >
          <div
            data-testid="table-col-min_depth"
          >
            <p
              class="ColumnName"
            >
              Lower depth
            </p>
          </div>
          <div
            data-testid="table-col-max_depth"
          >
            <p
              class="ColumnName"
            >
              Upper depth
            </p>
          </div>
          <div
            data-testid="table-col-ph"
          >
            <p
              class="ColumnName"
            >
              ph
            </p>
          </div>
          <div
            data-testid="table-col-delete"
          >
            <div>
              <p
                class="ColumnNameTooltip"
                data-tooltip-content="If you discard a row, all the soil properties belonging to it will not be ingested including those not visible on screen."
                data-tooltip-id="delete-tooltip"
              >
                Discard
                <svg
                  class="Icon"
                  data-testid="svg-icon-mock"
                >
                  mock-svg
                </svg>
              </p>
            </div>
          </div>
        </div>
      </div>
      <div
        class="StickyScrollbar"
      >
        <div
          style="width: 0px;"
        />
      </div>
    </div>
  </div>
  <div
    class="Actions"
  >
    <button
      class="Button Secondary Small"
      data-testid="sh-preview-previous"
      type="button"
    >
      Previous
    </button>
    <div
      class="ActionsSpacer"
    />
    <button
      class="Button Secondary Small"
      data-testid="sh-preview-save-later"
      type="button"
    >
      Save and continue later
    </button>
    <button
      class="Button Primary Small"
      data-testid="sh-preview-continue"
      type="button"
    >
      Continue
    </button>
  </div>
</div>
`;
