// Jest Snapshot v1, https://jestjs.io/docs/snapshot-testing

exports[`DatasetsSoilDataStep renders matches snapshot 1`] = `
<div>
  <div
    class="DatasetsSoilDataStep"
  >
    <div
      class="IngestionStepTitleRow TitleRow"
    >
      <div
        class="Left"
      >
        <h2
          class="Title"
        >
          Add file/s
        </h2>
      </div>
      <a
        class="DocumentationLink"
        data-testid="sh-documentaion-link"
        href="https://github.com/varda-ag/soilhive-core/blob/main/docs/data-model/1-data-management-portal.md#soil-data--upload-your-files"
        rel="noreferrer"
        target="_blank"
      >
        <svg
          data-testid="svg-icon-mock"
        >
          mock-svg
        </svg>
         
        Open documentation
      </a>
    </div>
    <div>
      <label
        class="FileUploadBox"
        data-testid="sh-ui-fileuploadbox"
        for="fileUploadInput"
      >
        <div
          class="DropArea"
          data-testid="sh-ui-fileuploadbox-droparea"
        >
          <svg
            data-testid="svg-icon-mock"
          >
            mock-svg
          </svg>
          <p
            class="Title"
          >
            components.file_upload_box.title
          </p>
          <p
            class="Caption"
          >
            Supported formats: CSV, Geopackage, GeoJSON, Shapefile, XLSX and ZIP.
          </p>
          <input
            accept=""
            data-testid="upload-input"
            id="fileUploadInput"
            multiple=""
            style="display: none;"
            type="file"
          />
        </div>
      </label>
    </div>
    <div
      class="FileListContainer"
    />
    <div
      class="Footer"
    >
      <button
        class="Button Secondary Small"
        data-testid="sh-ui-button"
        type="button"
      >
        Previous
      </button>
      <div
        class="FooterRight"
      >
        <button
          class="Button Secondary Small"
          data-testid="sh-ui-button"
          disabled=""
          type="button"
        >
          Save and continue later
        </button>
        <button
          class="Button Primary Small"
          data-testid="sh-ui-button"
          disabled=""
          type="button"
        >
          Continue
        </button>
      </div>
    </div>
  </div>
</div>
`;
