// Jest Snapshot v1, https://jestjs.io/docs/snapshot-testing

exports[`DatasetsPreviewStep renders matches snapshot 1`] = `
<div>
  <div
    class="DatasetsPreviewStep"
  >
    <h2>
      Preview
    </h2>
    <p>
      Dataset id: 
    </p>
    <button
      class="Button Secondary Small"
      data-testid="sh-preview-previous"
      type="button"
    >
      Previous
    </button>
  </div>
</div>
`;
