// Jest Snapshot v1, https://jestjs.io/docs/snapshot-testing

exports[`DatasetsGeneralInfoStep renders matches snapshot 1`] = `
<div>
  <div
    class="DatasetsGeneralInfoStep"
  >
    <div
      class="IngestionStepTitleRow TitleRow"
    >
      <div
        class="Left"
      >
        <h2
          class="Title"
        >
          Data preview
        </h2>
      </div>
      <a
        class="DocumentationLink"
        data-testid="sh-documentaion-link"
        href="https://github.com/varda-ag/soilhive-core/blob/main/docs/user-guides/data-load.md#dataset-metadata"
        rel="noreferrer"
        target="_blank"
      >
        <div
          data-testid="info-square-icon"
        />
         
        Open documentation
      </a>
    </div>
    <div
      class="Card"
    >
      <div
        class="CardHeader"
      >
        <div
          data-testid="info-square-icon"
        />
        <h3
          class="CardTitle"
        >
          General
        </h3>
      </div>
      <div
        class="Form"
      >
        <label
          class="Label Small"
          data-testid="sh-ui-label"
        >
          <div
            class="LabelText"
          >
            <span>
              Name
            </span>
            <span
              class="RequiredMark"
            >
              *
            </span>
          </div>
          <div
            class="TextInput Small"
            data-testid="sh-ui-textinput"
          >
            <input
              class="InputField"
              data-testid="sh-ui-textinputfield"
              name="name"
              placeholder=""
              type="text"
              value=""
            />
          </div>
        </label>
        <label
          class="Label Small"
          data-testid="sh-ui-label"
        >
          <div
            class="LabelText"
          >
            <span>
              Full name
            </span>
            <span
              class="RequiredMark"
            >
              *
            </span>
          </div>
          <div
            class="TextInput Small"
            data-testid="sh-ui-textinput"
          >
            <input
              class="InputField"
              data-testid="sh-ui-textinputfield"
              name="full_name"
              placeholder=""
              type="text"
              value=""
            />
          </div>
        </label>
        <label
          class="Label Small"
          data-testid="sh-ui-label"
        >
          <div
            class="LabelText"
          >
            <span>
              Description
            </span>
            <span
              class="RequiredMark"
            >
              *
            </span>
          </div>
          <div
            class="TextArea"
            data-testid="sh-ui-textarea"
          >
            <textarea
              class="TextAreaField"
              data-testid="sh-ui-textareafield"
              maxlength="200"
              name="description"
              placeholder=""
              rows="10"
            />
          </div>
          <span
            class="Counter"
            data-testid="sh-ui-textarea-counter"
          >
            200 symbols left
          </span>
        </label>
        <label
          class="Label Small"
          data-testid="sh-ui-label"
        >
          <div
            class="LabelText"
          >
            <span>
              Author
            </span>
            <span
              class="RequiredMark"
            >
              *
            </span>
          </div>
          <div
            class="TextInput Small"
            data-testid="sh-ui-textinput"
          >
            <input
              class="InputField"
              data-testid="sh-ui-textinputfield"
              name="author"
              placeholder=""
              type="text"
              value=""
            />
          </div>
          <div
            class="FormMessage InfoMessage"
            data-testid="sh-form-message"
          >
            <div
              data-testid="info-square-icon"
            />
            <span
              class="FormMessageText"
            >
              If you are not affiliated with any organization, you may enter “Independent Professional”.
            </span>
          </div>
        </label>
      </div>
    </div>
  </div>
  <div
    class="Actions"
  >
    <div
      class="Left"
    >
      <a
        class="Button Secondary Small"
        data-testid="sh-general-info-cancel"
        href="/admin/datasets"
      >
        Cancel
      </a>
    </div>
    <div
      class="Right"
    >
      <button
        class="Button Secondary Small"
        data-testid="sh-general-info-save-later"
        type="button"
      >
        Save and continue later
      </button>
      <button
        class="Button Primary Small"
        data-testid="sh-general-info-continue"
        type="button"
      >
        Continue
      </button>
    </div>
  </div>
</div>
`;
