// Jest Snapshot v1, https://jestjs.io/docs/snapshot-testing

exports[`MapSettings page matches snapshot 1`] = `
<div>
  <div
    class="Layout"
  >
    <div
      class="ContentWrapper"
    >
      <main
        class="Content"
      >
        <div
          class="TextBlock"
        >
          <h3
            class="Title"
          >
            Default map extent
          </h3>
          <p
            class="Subtitle"
          >
            Select the area you want to show in the map when the user arrives to the platform
          </p>
        </div>
        <div
          class="Map"
        >
          <div
            data-testid="soilhive-simple-map"
          />
        </div>
        <div
          data-default-value="false"
          data-is-dai-enabled="false"
          data-testid="map-coverage-settings"
        >
          <button
            data-testid="toggle-dai"
          />
          <button
            data-testid="set-default-active"
          />
          <button
            data-testid="set-default-inactive"
          />
        </div>
      </main>
      <div
        class="Footer"
      >
        <button
          data-testid="sh-ui-button"
        >
          Save changes
        </button>
      </div>
    </div>
  </div>
</div>
`;
