// Jest Snapshot v1, https://jestjs.io/docs/snapshot-testing

exports[`VardaFoundationAttribution applies the component class and any custom className 1`] = `
<div>
  <div
    class="VardaFoundationAttribution custom-class"
  >
    <a
      href="https://www.varda.ag"
      target="_blank"
    >
      Varda Foundation
    </a>
    ’s 
    <a
      href="https://github.com/varda-ag/soilhive-core"
      target="_blank"
    >
      open source
    </a>
     infrastructure
  </div>
</div>
`;
