// Jest Snapshot v1, https://jestjs.io/docs/snapshot-testing

exports[`FilteringSidebarParameters renders accordion components 1`] = `
<div>
  <div
    class="FilteringSidebarParameters"
  >
    <div
      data-open="false"
      data-testid="accordion"
    >
      <div
        data-testid="accordion-header-Soil Properties"
        role="button"
      >
        Soil Properties
      </div>
      <div
        data-testid="accordion-content"
      >
        <div
          class="SoilProperties"
        >
          <input
            class="SearchInput"
            placeholder="Search soil properties"
            type="text"
            value=""
          />
          <div
            data-testid="global-toggle"
          >
            Expand All
          </div>
          <div
            class="SoilPropertiesList"
            data-testid="properties-list"
          >
            <div
              data-open="false"
              data-testid="accordion"
            >
              <div
                data-testid="accordion-header-Biological"
                role="button"
              >
                Biological
              </div>
              <div
                data-testid="accordion-content"
              >
                <div
                  data-expanded="false"
                  data-testid="nested-checkbox"
                >
                  <div
                    data-testid="nested-checkbox-items"
                  >
                    [{"id":"b-1","label":"B1","isRoot":true,"children":[{"id":"b-1-1","label":"First first first","isRoot":false,"children":[]},{"id":"b-1-2","label":"First first second","isRoot":false,"children":[]}]},{"id":"b-2","label":"B2","isRoot":true,"children":[]}]
                  </div>
                  <div
                    data-testid="nested-checkbox-selected"
                  >
                    []
                  </div>
                  <button
                    data-testid="nested-checkbox-change"
                  />
                  <button
                    data-testid="nested-checkbox-toggle-visibility"
                  />
                </div>
              </div>
            </div>
            <div
              data-open="false"
              data-testid="accordion"
            >
              <div
                data-testid="accordion-header-Chemical"
                role="button"
              >
                Chemical
              </div>
              <div
                data-testid="accordion-content"
              >
                <div
                  data-expanded="false"
                  data-testid="nested-checkbox"
                >
                  <div
                    data-testid="nested-checkbox-items"
                  >
                    [{"id":"c-1","label":"C1","isRoot":true,"children":[]}]
                  </div>
                  <div
                    data-testid="nested-checkbox-selected"
                  >
                    []
                  </div>
                  <button
                    data-testid="nested-checkbox-change"
                  />
                  <button
                    data-testid="nested-checkbox-toggle-visibility"
                  />
                </div>
              </div>
            </div>
          </div>
        </div>
      </div>
    </div>
  </div>
</div>
`;
