// Jest Snapshot v1, https://jestjs.io/docs/snapshot-testing

exports[`FilteringSidebarParameters renders four accordion components 1`] = `
<div>
  <div
    class="FilteringSidebarParameters"
  >
    <div
      data-testid="accordion"
    >
      <div
        data-testid="accordion-title"
      >
        Soil Properties
      </div>
      <div
        data-testid="accordion-content"
      >
        <div
          class="SoilProperties"
        >
          <div
            data-testid="nested-checkbox"
          >
            <div
              data-testid="nested-checkbox-items"
            >
              [{"id":"1","label":"First","children":[{"id":"1-1","label":"First-First","children":[{"id":"1-1-1","label":"First first first"},{"id":"1-1-2","label":"First first second"}]},{"id":"1-2","label":"First-Second"}]},{"id":"2","label":"Second","children":[{"id":"2-1","label":"Second-First"},{"id":"2-2","label":"Second-Second"}]}]
            </div>
            <div
              data-testid="nested-checkbox-selected"
            >
              []
            </div>
            <button
              data-testid="nested-checkbox-change"
            />
          </div>
        </div>
      </div>
    </div>
    <div
      data-testid="accordion"
    >
      <div
        data-testid="accordion-title"
      >
        Soil Groups
      </div>
      <div
        data-testid="accordion-content"
      >
        Soil Groups content
      </div>
    </div>
    <div
      data-testid="accordion"
    >
      <div
        data-testid="accordion-title"
      >
        Soil Depth
      </div>
      <div
        data-testid="accordion-content"
      >
        Soil Depth content
      </div>
    </div>
    <div
      data-testid="accordion"
    >
      <div
        data-testid="accordion-title"
      >
        Horizon
      </div>
      <div
        data-testid="accordion-content"
      >
        Horizon content
      </div>
    </div>
  </div>
</div>
`;
