// Jest Snapshot v1, https://jestjs.io/docs/snapshot-testing

exports[`AdminHeader renders header and matches snapshot 1`] = `
<div>
  <header
    class="AdminHeader"
  >
    <div
      class="Left"
    >
      <div
        class="Logo"
        data-testid="sh-header-logo"
      >
        <img
          alt="Logo"
          src="https://example.com/logo.png"
        />
      </div>
      <div
        class="TitleWrapper"
      >
        <h1
          class="Title"
        >
          Terms & Conditions
        </h1>
      </div>
    </div>
    <div
      class="Right"
    >
      <div
        class="User"
      >
        <span
          class="UserName"
        >
          test@example.com
        </span>
        <div
          data-testid="user-avatar-mock"
        >
          User Avatar
        </div>
      </div>
    </div>
  </header>
</div>
`;
