// Jest Snapshot v1, https://jestjs.io/docs/snapshot-testing

exports[`AdminSidebar renders sidebar and matches snapshot 1`] = `
<div>
  <aside
    class="AdminSidebar"
    data-testid="sh-admin-sidebar"
  >
    <div
      class="Content"
    >
      <div
        class="ContentTop"
      >
        <div
          class="Collapser"
        >
          <svg
            data-testid="svg-icon-mock"
          >
            mock-svg
          </svg>
        </div>
        <div
          class="LinksSection"
        >
          <h3
            class="LinksSectionTitle"
          >
            User interface
          </h3>
          <nav
            class="Links"
            data-testid="sh-admin-sidebarlinks-user_interface"
          >
            <a
              aria-current="page"
              class="Link Active"
              data-discover="true"
              data-testid="sh-admin-sidebarlink"
              href="/adminportal/terms-and-conditions"
            >
              <svg
                class="LinkIcon"
                data-testid="svg-icon-mock"
              >
                mock-svg
              </svg>
              <span
                class="LinkTitle"
              >
                Terms & Conditions
              </span>
            </a>
            <a
              class="Link"
              data-discover="true"
              data-testid="sh-admin-sidebarlink"
              href="/adminportal/map"
            >
              <svg
                class="LinkIcon"
                data-testid="svg-icon-mock"
              >
                mock-svg
              </svg>
              <span
                class="LinkTitle"
              >
                Map settings
              </span>
            </a>
            <a
              class="Link"
              data-discover="true"
              data-testid="sh-admin-sidebarlink"
              href="/adminportal/look-and-feel"
            >
              <svg
                class="LinkIcon"
                data-testid="svg-icon-mock"
              >
                mock-svg
              </svg>
              <span
                class="LinkTitle"
              >
                Look & Feel
              </span>
            </a>
          </nav>
        </div>
        <div
          class="LinksSection"
        >
          <h3
            class="LinksSectionTitle"
          >
            Data
          </h3>
          <nav
            class="Links"
            data-testid="sh-admin-sidebarlinks-data"
          >
            <a
              class="Link"
              data-discover="true"
              data-testid="sh-admin-sidebarlink"
              href="/adminportal/datasets"
            >
              <svg
                class="LinkIcon"
                data-testid="svg-icon-mock"
              >
                mock-svg
              </svg>
              <span
                class="LinkTitle"
              >
                Datasets publication
              </span>
            </a>
            <a
              class="Link"
              data-discover="true"
              data-testid="sh-admin-sidebarlink"
              href="/adminportal/filters"
            >
              <svg
                class="LinkIcon"
                data-testid="svg-icon-mock"
              >
                mock-svg
              </svg>
              <span
                class="LinkTitle"
              >
                Map-based filters
              </span>
            </a>
          </nav>
        </div>
      </div>
      <div
        class="ContentBottom"
      >
        <div
          class="Logout"
          data-testid="sh-admin-sidebar-logout"
        >
          <svg
            data-testid="svg-icon-mock"
          >
            mock-svg
          </svg>
          <span
            class="LogoutText"
          >
            Logout
          </span>
        </div>
      </div>
    </div>
  </aside>
</div>
`;
