// Jest Snapshot v1, https://jestjs.io/docs/snapshot-testing

exports[`ThemeColorField component renders correctly 1`] = `
<div>
  <div
    class="ThemeColorField"
    data-testid="sh-theme-color-field"
  >
    <input
      data-testid="mock-colorpicker"
      type="color"
      value="#123456"
    />
    <input
      data-testid="mock-textinput"
      placeholder="Primary Color"
      value="#123456"
    />
  </div>
</div>
`;
