// Jest Snapshot v1, https://jestjs.io/docs/snapshot-testing

exports[`ColorsTab page matches snapshot 1`] = `
<div>
  <div
    class="ColorsTab"
  >
    <main
      class="Section Main"
    >
      <h2
        class="Title"
      >
        Customize your colors
      </h2>
      <div>
        ColorsSettings component
      </div>
    </main>
    <aside
      class="Section Aside"
    >
      <h2
        class="Title"
      >
        Live Preview
      </h2>
      <div>
        ColorsPreview component
      </div>
    </aside>
  </div>
</div>
`;
