// Jest Snapshot v1, https://jestjs.io/docs/snapshot-testing

exports[`DatasetsPublicationStepsLayout renders DatasetsPublicationStepsLayout and matches the snapshot 1`] = `
<div>
  <div
    class="DatasetsPublicationStepsLayout"
  >
    <div
      class="Steps"
    >
      <div
        class="Step Visited"
      >
        <div
          class="Index"
        >
          <svg
            data-testid="svg-icon-mock"
          >
            mock-svg
          </svg>
        </div>
        <div
          class="Title"
        >
          General info
        </div>
        <div
          class="Description"
        >
          Describe dataset
        </div>
      </div>
      <div
        class="Step Visited"
      >
        <div
          class="Index"
        >
          <svg
            data-testid="svg-icon-mock"
          >
            mock-svg
          </svg>
        </div>
        <div
          class="Title"
        >
          Soil data
        </div>
        <div
          class="Description"
        >
          Upload your files
        </div>
      </div>
      <div
        class="Step Visited"
      >
        <div
          class="Index"
        >
          <svg
            data-testid="svg-icon-mock"
          >
            mock-svg
          </svg>
        </div>
        <div
          class="Title"
        >
          Mappings
        </div>
        <div
          class="Description"
        >
          Match your data
        </div>
      </div>
      <div
        class="Step Visited"
      >
        <div
          class="Index"
        >
          4
        </div>
        <div
          class="Title"
        >
          Preview
        </div>
        <div
          class="Description"
        >
          Review data
        </div>
      </div>
      <div
        class="Step"
      >
        <div
          class="Index"
        >
          5
        </div>
        <div
          class="Title"
        >
          Quality check
        </div>
        <div
          class="Description"
        >
          Find data issues
        </div>
      </div>
    </div>
    <div
      class="Content"
    >
      <div
        data-testid="outlet"
      />
    </div>
  </div>
</div>
`;
