// Jest Snapshot v1, https://jestjs.io/docs/snapshot-testing

exports[`MainLayout renders MainLayout and matches the snapshot 1`] = `
<div>
  <div
    class="HeaderWrapper"
  >
    <div
      data-testid="header"
    >
      Header
    </div>
  </div>
  <div
    class="Content"
  >
    <div
      data-testid="outlet"
    />
  </div>
</div>
`;
