// Jest Snapshot v1, https://jestjs.io/docs/snapshot-testing

exports[`TimeFilter renders with initialState 1`] = `
<div>
  <div
    class="TimeFilter"
  >
    <div
      data-testid="mock-slider"
    >
      <div
        data-testid="mock-slider-values"
      >
        1990
        -
        2000
      </div>
      <button
        data-testid="mock-slider-change"
        type="button"
      >
        change
      </button>
    </div>
    <div
      class="TimeFilterActions"
    >
      <button
        data-testid="mock-button-cancel"
        type="tertiary"
      >
        Cancel
      </button>
      <button
        data-testid="mock-button-apply"
        type="button"
      >
        Apply
      </button>
    </div>
  </div>
</div>
`;
