// Jest Snapshot v1, https://jestjs.io/docs/snapshot-testing

exports[`FilteringSidebarHeader renders sidebar header 1`] = `
<div>
  <div
    class="FilteringSidebarHeader"
    data-testid="sh-filtering-sidebar-header"
  >
    <div
      class="Title"
    >
      <svg
        data-testid="svg-icon-mock"
      >
        mock-svg
      </svg>
       Filters 
      <div
        data-testid="mock-filters-counter"
      >
        Mock FiltersCounter
      </div>
    </div>
    <div
      class="Actions"
    >
      <svg
        data-testid="sh-close-icon"
      >
        mock-svg
      </svg>
    </div>
  </div>
</div>
`;
