// Jest Snapshot v1, https://jestjs.io/docs/snapshot-testing

exports[`Accordion component renders with title and is closed by default 1`] = `
<div>
  <div
    class="Accordion Primary"
    data-testid="sh-ui-accordion"
  >
    <div
      class="Header"
      role="button"
    >
      <div
        class="Title"
      >
        My Accordion
        <div
          class="Left"
        >
          <svg
            class="ArrowIcon"
            data-testid="svg-icon-mock"
          >
            mock-svg
          </svg>
        </div>
      </div>
    </div>
    <div
      class="Content"
    >
      <div>
        Content
      </div>
    </div>
  </div>
</div>
`;
