// Jest Snapshot v1, https://jestjs.io/docs/snapshot-testing

exports[`FormFieldWrapper component matches snapshot 1`] = `
<div>
  <label
    class="Label Invalid Medium"
    data-testid="sh-ui-label"
  >
    <div
      class="LabelText"
    >
      <span>
        Email
      </span>
      <span
        class="RequiredMark"
      >
        *
      </span>
      <svg
        class="LabelTooltip"
        data-testid="svg-icon-mock"
      >
        mock-svg
      </svg>
      <div
        data-testid="tooltip-label-tooltip"
      />
    </div>
    <input />
    <div
      data-testid="form-message-error"
    >
      Invalid email
    </div>
    <div
      data-testid="form-message-info"
    >
      Helper text
    </div>
  </label>
</div>
`;
