// Jest Snapshot v1, https://jestjs.io/docs/snapshot-testing

exports[`MobileTabNavigation component renders all tabs with primary styles by default 1`] = `
<div>
  <div
    class="MobileTabNavigation Primary"
    data-testid="sh-ui-mobile-tab-navigation"
    style="--tab-font-size: var(--font-size-xs); --tab-item-gap: 0;"
  >
    <div
      class="MobileTabNavigationItem Active"
      data-testid="sh-ui-mobile-tab-navigation-item"
      role="button"
    >
      <svg
        data-testid="mock-icon"
      />
       
      Tab 1
    </div>
    <div
      class="MobileTabNavigationItem"
      data-testid="sh-ui-mobile-tab-navigation-item"
      role="button"
    >
       
      Tab 2
    </div>
    <div
      class="MobileTabNavigationItem"
      data-testid="sh-ui-mobile-tab-navigation-item"
      role="button"
    >
      <svg
        data-testid="mock-icon"
      />
       
      Tab 3
    </div>
  </div>
</div>
`;
