// Jest Snapshot v1, https://jestjs.io/docs/snapshot-testing

exports[`Steps renders all steps 1`] = `
<div>
  <div
    class="Steps"
  >
    <div
      class="Step Visited"
    >
      <div
        class="Index"
      >
        1
      </div>
      <div
        class="TextWrapper"
      >
        <div
          class="Title"
        >
          Step 1
        </div>
        <div
          class="Description"
        >
          Description 1
        </div>
      </div>
    </div>
    <div
      class="Step"
    >
      <div
        class="Index"
      >
        2
      </div>
      <div
        class="TextWrapper"
      >
        <div
          class="Title"
        >
          Step 2
        </div>
        <div
          class="Description"
        >
          Description 2
        </div>
      </div>
    </div>
    <div
      class="Step"
    >
      <div
        class="Index"
      >
        3
      </div>
      <div
        class="TextWrapper"
      >
        <div
          class="Title"
        >
          Step 3
        </div>
        <div
          class="Description"
        >
          Description 3
        </div>
      </div>
    </div>
  </div>
</div>
`;
