// Jest Snapshot v1, https://jestjs.io/docs/snapshot-testing

exports[`NestedCheckboxItem renders the checkbox with label 1`] = `
<div>
  <div
    class="NestedCheckboxItem"
  >
    <div
      data-indeterminate="false"
      data-size="small"
      data-testid="mock-checkbox"
      data-value="false"
    >
      <svg
        class="ToggleIcon"
        data-testid="sh-plus-icon"
      >
        mock-svg
      </svg>
      Root item
    </div>
  </div>
</div>
`;
