// Jest Snapshot v1, https://jestjs.io/docs/snapshot-testing

exports[`TermsAndConditions page matches snapshot 1`] = `
<div>
  <div
    class="Layout"
  >
    <main
      class="Content"
    >
      <h3>
        Paste a text here
      </h3>
      <div
        data-pc-name="editor"
        data-pc-section="root"
      >
        <div
          data-pc-section="toolbar"
        >
          <span
            class="ql-formats"
            data-pc-section="formats"
          >
            <select
              class="ql-header"
              data-pc-section="header"
            >
              <option
                data-pc-section="option"
                value="1"
              >
                Heading
              </option>
              <option
                data-pc-section="option"
                value="2"
              >
                Subheading
              </option>
              <option
                data-pc-section="option"
                selected=""
                value="0"
              >
                Normal
              </option>
            </select>
            <select
              class="ql-font"
              data-pc-section="font"
            >
              <option
                data-pc-section="option"
              />
              <option
                data-pc-section="option"
                value="serif"
              />
              <option
                data-pc-section="option"
                value="monospace"
              />
            </select>
          </span>
          <span
            class="ql-formats"
            data-pc-section="formats"
          >
            <button
              aria-label="Bold"
              class="ql-bold"
              data-pc-section="bold"
              type="button"
            />
            <button
              aria-label="Italic"
              class="ql-italic"
              data-pc-section="italic"
              type="button"
            />
            <button
              aria-label="Underline"
              class="ql-underline"
              data-pc-section="underline"
              type="button"
            />
          </span>
          <span
            class="ql-formats"
            data-pc-section="formats"
          >
            <select
              class="ql-color"
              data-pc-section="color"
            />
            <select
              class="ql-background"
              data-pc-section="background"
            />
          </span>
          <span
            class="ql-formats"
            data-pc-section="formats"
          >
            <button
              aria-label="Ordered List"
              class="ql-list"
              data-pc-section="list"
              type="button"
              value="ordered"
            />
            <button
              aria-label="Unordered List"
              class="ql-list"
              data-pc-section="list"
              type="button"
              value="bullet"
            />
            <select
              class="ql-align"
              data-pc-section="select"
            >
              <option
                data-pc-section="option"
              />
              <option
                data-pc-section="option"
                value="center"
              />
              <option
                data-pc-section="option"
                value="right"
              />
              <option
                data-pc-section="option"
                value="justify"
              />
            </select>
          </span>
          <span
            class="ql-formats"
            data-pc-section="formats"
          >
            <button
              aria-label="Insert Link"
              class="ql-link"
              data-pc-section="link"
              type="button"
            />
            <button
              aria-label="Insert Image"
              class="ql-image"
              data-pc-section="image"
              type="button"
            />
            <button
              aria-label="Insert Code Block"
              class="ql-code-block"
              data-pc-section="codeblock"
              type="button"
            />
          </span>
          <span
            class="ql-formats"
            data-pc-section="formats"
          >
            <button
              aria-label="Remove Styles"
              class="ql-clean"
              data-pc-section="clean"
              type="button"
            />
          </span>
        </div>
        <div
          data-pc-section="content"
          style="height: 340px;"
        />
      </div>
      <button
        class="Button Primary Small"
        data-testid="sh-ui-button"
        type="button"
      >
        Save
      </button>
    </main>
  </div>
</div>
`;
