// Jest Snapshot v1, https://jestjs.io/docs/snapshot-testing

exports[`ColorPicker component renders with default props 1`] = `
<div>
  <label
    class="ColorPicker"
    data-testid="sh-colorpicker"
    style="background-color: rgb(255, 255, 255);"
  >
    <input
      class="InputField"
      data-testid="sh-colorpicker-input"
      name="primary"
      type="color"
      value="#FFFFFF"
    />
  </label>
</div>
`;
