// Jest Snapshot v1, https://jestjs.io/docs/snapshot-testing

exports[`Mobile menu renders authenticated user info 1`] = `
<div>
  <div
    class="MobileMenu"
  >
    <div
      class="Top"
    >
      <div
        class="AccountInformation"
      >
        <div
          class="AccountContent"
        >
          <div
            class="ProfilePicture"
            data-testid="user-avatar"
          >
            Avatar
          </div>
          <div
            class="UserInfo"
          >
            <p
              class="Name"
            >
              Super Admin
            </p>
            <p
              class="Email"
            >
              super.admin@local
            </p>
          </div>
        </div>
      </div>
      <nav
        class="Nav"
      >
        <div
          class="NavContent"
        >
          <a
            data-testid="mock-router-navlink"
            href="/home"
          >
            <svg
              class="Icon"
              data-testid="menu-icon"
            >
              icon
            </svg>
            <span
              class="LinkText"
            >
              menu.home
            </span>
          </a>
          <a
            class="MobileLink"
            href="/admin"
            rel="noopener noreferrer"
            target="_blank"
          >
            <svg
              class="Icon"
              data-testid="menu-icon"
            >
              icon
            </svg>
            <span
              class="LinkText"
            >
              menu.admin
            </span>
          </a>
        </div>
      </nav>
    </div>
    <div
      class="Footer"
    >
      <button>
        Log out
      </button>
    </div>
  </div>
</div>
`;
