// Jest Snapshot v1, https://jestjs.io/docs/snapshot-testing

exports[`EditorRow view mode (isEditable=false) renders label and value in text variant 1`] = `
<div>
  <div
    class="Row"
  >
    <p
      class="Label"
    >
      <strong>
        Name
      </strong>
    </p>
    <div
      class="Text"
    >
      Test Value
    </div>
  </div>
</div>
`;
