// Jest Snapshot v1, https://jestjs.io/docs/snapshot-testing

exports[`NestedCheckboxItem toggles children visibility when plus icon is clicked 1`] = `
<div>
  <div
    class="NestedCheckboxItem"
  >
    <div
      data-indeterminate="false"
      data-testid="mock-checkbox"
      data-value="false"
    >
      <svg
        class="ToggleIcon"
        data-testid="sh-minus-icon"
      >
        mock-svg
      </svg>
      Root item
    </div>
    <div
      class="NestedCheckboxChildren"
    >
      <div
        class="NestedCheckboxItem"
      >
        <div
          data-indeterminate="false"
          data-testid="mock-checkbox"
          data-value="false"
        >
          Child 1
        </div>
      </div>
      <div
        class="NestedCheckboxItem"
      >
        <div
          data-indeterminate="false"
          data-testid="mock-checkbox"
          data-value="false"
        >
          Child 2
        </div>
      </div>
    </div>
  </div>
</div>
`;
